// Jest Snapshot v1, https://goo.gl/fbAQLP

exports[`should render <GiftedChat/> and compare with snapshot 1`] = `
<View
  onLayout={[Function]}
  style={
    {
      "flex": 1,
    }
  }
  testID="GC_LOADING_CONTAINER"
/>
`;
